field	basePower	6
field	baseToughness	4
field	cmc	632
field	numColors	6
field	numTypes	2
field	power	391
field	totalPT	5
field	toughness	54
operator	EQ	161
operator	GE	252
operator	GT	19
operator	LE	602
operator	LT	65
operator	M2	1
operand	0
operand	1
operand	10
operand	2
operand	3
operand	4
operand	5
operand	6
operand	7
operand	8
operand	9
operand	Chosen
operand	Count$CardPower
operand	Count$ChosenNumber
operand	IronclawX
operand	M
operand	TriggeredCard$CardPower
operand	X
operand	Y
operand	Z
operand	basePower
operand	toughness
