Relic Crush
Energy Vortex
Nature's Chosen
Game of Chaos
Scarecrow
Mystic Gate
Survival of the Fittest
Relic Ward
Desolation
Firespout
Invert the Skies
Khalni Gem
Duergar Assailant
Orcish Farmer
Farrelite Priest
Heart Wolf
Infernal Darkness
Silvergill Douser
Meloku the Clouded Mirror
Active Volcano
Oran-Rief Recluse
Pale Wayfarer
Kjeldoran Warrior
Lim-Dul's Vault
Sphinx's Tutelage
Wall of Shadows
High Market
AEthermage's Touch
Homicidal Seclusion
Doomsday
Urborg
Crag Puca
Snakeform
Brass-Talon Chimera
Sacred Mesa
Mystic Veil
Ravenous Vampire
Hunting Wilds
Sudden Reclamation
Maze's End
Primordial Ooze
Ritual of the Machine
Nihilistic Glee
Spectral Guardian
Oona's Prowler
Blasting Station
Rust
Roar of the Crowd
Sporeback Troll
Gravebind
Fire and Brimstone
Gitaxian Probe
Celestial Prism
Teferi's Veil
Urza's Avenger
Fortified Area
Kjeldoran Dead
Proteus Staff
Necrotic Ooze
Relentless Assault
Diamond Valley
Elsewhere Flask
Greenseeker
Part Water
Mox Diamond
Mul Daya Channelers
Phyrexia's Core
Claws of Gix
Tolaria
Goblin Warrens
Beast Within
Naked Singularity
Pili-Pala
Manabond
Quiet Speculation
Johan
Norritt
Momentous Fall
Stonybrook Angler
Shelkin Brownie
Distant Melody
Psionic Entity
Kjeldoran Knight
Hyperion Blacksmith
Vampirism
Zombie Infestation
Wall of Vapor
Goblin Kites
Shielded Passage
Tin-Wing Chimera
Phantasmal Sphere
Juniper Order Druid
Devoted Druid
Kjeldoran Phalanx
Halls of Mist
Wildfire
Steel Golem
Battering Ram
Stromgald Spy
Barrin, Master Wizard
Sunglasses of Urza
Mana Clash
Oath of Lim-Dul
Peacekeeper
Strongarm Tactics
Birthing Pod
Splintering Wind
Shields of Velis Vel
Touch of Vitae
Swan Song
Mind Bomb
Civic Guildmage
Patriarch's Bidding
Spectral Cloak
Nettling Imp
Mirror Entity
Puresight Merrow
Illuminated Folio
Grazing Kelpie
Cadaverous Bloom
Endless Whispers
Wall of Shields
Portent
Leech Bonder
Goblin Bombardment
Aleatory
Piety
Brand of Ill Omen
Thelonite Monk
Enduring Renewal
School of the Unseen
Thorntooth Witch
Carrion Rats
Tideshaper Mystic
Transmute Artifact
Hammerheim
Flash
Shimmer
Memory Jar
Tidal Control
Timber Wolves
Unerring Sling
Phyrexian Purge
Wave Elemental
Beast Walkers
Iname, Death Aspect
Qasali Pridemage
Darkheart Sliver
Fire-Lit Thicket
Ogre Marauder
Merchant Scroll
Krovikan Plague
Telim'Tor's Edict
Divine Reckoning
Thieves' Fortune
Lammastide Weave
Confusion in the Ranks
Ancestral Statue
Repel Intruders
Limited Resources
Fate Transfer
Droning Bureaucrats
Thada Adel, Acquisitor
Mana Flare
Voltaic Key
Night of Souls' Betrayal
Phantasmal Mount
Black Carriage
Tainted AEther
Horror of Horrors
Glare of Subdual
Flooded Grove
Consuming Ferocity
Lead-Belly Chimera
Mire Shade
Surprise Deployment
Nivmagus Elemental
Bone Shaman
Orcish Lumberjack
Mana Prism
Knights of Thorn
Porphyry Nodes
Rally
Vivisection
Tropical Storm
Personal Incarnation
Daughter of Autumn
Sandals of Abdallah
Life Matrix
Inside Out
Dwarven Ruins
Rugged Prairie
Chainbreaker
Truce
Heartless Summoning
Waiting in the Weeds
Chaos Lord
Goblin Bomb
Camel
Balduvian Trading Post
Resistance Fighter
Noble Elephant
The Chain Veil
Glyph of Destruction
Library of Lat-Nam
Magus of the Unseen
Think Tank
Ventifact Bottle
Cerulean Wisps
Scrying Sheets
River's Grasp
Sunken Ruins
Elven Rite
Vexing Shusher
Dark Sphere
Chaos Moon
Meadowboon
Deadly Wanderings
Natural Selection
Vexing Arcanix
Zur's Weirding
Psychosis Crawler
Diplomacy of the Wastes
Thrull Wizard
Juxtapose
Stream of Unconsciousness
Musician
Bone Mask
Grim Feast
Orcish Librarian
Inkfathom Witch
Turtleshell Changeling
Fell the Mighty
Island Sanctuary
Bathe in Light
Tidal Wave
Time Spiral
Scarscale Ritual
Gargantuan Gorilla
Enervate
Reality Twist
Harabaz Druid
March of Souls
Orcish Settlers
Lake of the Dead
Grid Monitor
Unfulfilled Desires
War Barge
Diminishing Returns
Final Fortune
Shrewd Hatchling
Batwing Brume
Foresight
Dawnfluke
Ebon Praetor
Putrid Leech
Benevolent Offering
Heat Wave
Eye of Singularity
Drafna's Restoration
Shauku, Endbringer
Hell Swarm
Shield Bearer
Harbinger of Night
Krosan Archer
Mana Short
Lotus Vale
Misinformation
Endure
Vampiric Rites
Ritual of Subdual
Soulbright Flamekin
Mark for Death
Essence Flare
Mossbridge Troll
Woeleecher
Relic Bind
Thundercloud Shaman
AEther Barrier
Iceberg
Kjeldoran Escort
Seedling Charm
Fossil Find
Panic
Fork
Dark Privilege
Soldevi Digger
Revelsong Horn
Ivory Charm
Aladdin's Lamp
Ward of Lights
Yawgmoth Demon
Ancestral Memories
Hecatomb
Amber Prison
Gabriel Angelfire
Helm of Obedience
Mind Warp
Fiery Justice
Flooded Shoreline
Razor Pendulum
Lat-Nam's Legacy
Phyrexian Portal
Urborg Panther
Dragon Mask
Sundering Titan
Grollub
Niveous Wisps
Bone Flute
Teremko Griffin
Fungal Behemoth
Dwarven Armory
Teetering Peaks
Whip Vine
Ovinomancer
Stronghold Assassin
Cocoon
Infuse
Springleaf Drum
Ophidian
Unwilling Recruit
Dwarven Armorer
Priest of Yawgmoth
Mana Crypt
Bazaar of Baghdad
Aggression
Benalish Hero
Elkin Lair
Soldevi Sage
Jade Statue
Ambush
Twilight Mire
Wooded Bastion
Strategic Planning
Wheel of Fate
Foreshadow
Malevolent Awakening
Dwarven Sea Clan
Dire Wolves
Phyrexian Boon
Soldevi Golem
Diamond Kaleidoscope
Crystal Vein
Jandor's Saddlebags
Tar Pitcher
Null Brooch
Gaea's Liege
Forbidden Alchemy
Recall
Squandered Resources
Ancient Tomb
Varchild's Crusader
Spell Syphon
Daghatar the Adamant
Pikemen
Tornado
Scarwood Bandits
Esper Charm
Lignify
Goblin Ski Patrol
Shrieking Drake
Errand of Duty
Whirlpool Whelm
Avalanche
Reinforcements
Misfortune
Cursecatcher
Indestructible Aura
Grave Servitude
Fire Sprites
Time Reversal
Personal Tutor
Kaervek's Spite
Oubliette
Lowland Oaf
Windbrisk Heights
Marsh Gas
Kjeldoran Guard
Island of Wak-Wak
Coal Golem
Balduvian Shaman
Barrenton Medic
Kjeldoran Skyknight
Vampire Lacerator
Leviathan
Forbidden Crypt
Grave Peril
Kjeldoran Skycaptain
Shapeshifter
Barter in Blood
Notorious Throng
Eye for an Eye
Sage of Fables
Elder Spawn
Ragnar
Soldevi Adnate
Aquitect's Will
Prismatic Circle
Seeds of Innocence
Magma Mine
Sealed Fate
Coral Reef
Shimmering Grotto
Spell Blast
Browse
Drop of Honey
Dance of Many
Stampeding Wildebeests
Stone Giant
Innocent Blood
Twiddle
Polymorph
Jester's Cap
Sygg, River Guide
Magma Giant
Soulshriek
Phyrexian Gremlins
Initiates of the Ebon Hand
Takklemaggot
Wild Growth
Marsh Flitter
Karoo
Mesa Pegasus
Ethereal Champion
Windfall
Nature's Wrath
Liliana of the Veil
Jamuraan Lion
Gangrenous Zombies
Rogue Skycaptain
Wand of Denial
Kjeldoran Elite Guard
Feldon's Cane
Echoing Truth
Pox
Kukemssa Serpent
Vision Charm
Phelddagrif
Shield Wall
Dispatch
Gaea's Blessing
Righteousness
Proclamation of Rebirth
Winter Sky
Krovikan Sorcerer
Ley Druid
Veldrane of Sengir
Storm Seeker
Sneak Attack
Savage Twister
Grim Monolith
Hearth Charm
Adarkar Unicorn
Profane Command
Diabolic Vision
Coral Fighters
Malignant Growth
Balduvian Hydra
Pyric Salamander
Brainstorm
Sea Scryer
Runesword
Dark Heart of the Wood
Ebony Charm
Phyrexian Vault
Hope Charm
Mole Worms
Rakalite
Remedy
Nezumi Bone-Reader
Spitting Slug
Giant Caterpillar
War Elephant
Varchild's War-Riders
Prosperity
Coral Atoll
Daze
Jalum Tome
Cuombajj Witches
Cytoplast Root-Kin
Doomgape
Incandescent Soulstoke
Knight of the Mists
Icatian Phalanx
Vaporous Djinn
Red Elemental Blast
Gossamer Chains
Samite Alchemist
Urza's Bauble
Goblin Recruiter
Triassic Egg
Hasran Ogress
Soraya the Falconer
Vesuvan Doppelganger
Basalt Monolith
Armageddon Clock
Anaba Ancestor
Emerald Charm
Everglades
Maro
Clockwork Beast
Soldevi Excavations
Jungle Basin
Zhalfirin Crusader
Vampiric Tutor
Funeral Charm
Vigilant Martyr
Quirion Ranger
Ponder
Tinder Wall
Lotus Cobra
Balm of Restoration
Winds of Change
Guardian Angel
Manamorphose
Sandstorm
Dormant Volcano
Rise of the Hobgoblins
Orcish Cannoneers
Berserk
Bone Harvest
Agent of Stromgald
Time Elemental
Conch Horn
Giant Trap Door Spider
Ghazban Ogre
Phantasmal Terrain
Orcish Artillery
Rainbow Efreet
Hurr Jackal
Familiar's Ruse
Mist Dragon
Clockwork Avian
Serendib Djinn
Sylvan Library
Jandor's Ring
Armor of Thorns
Icatian Infantry
Feast or Famine
Stormbind
Dark Ritual
Searing Spear Askari
Basal Thrull
Ivory Gargoyle
Gemstone Mine
Drain Life
Howl from Beyond
Mystical Tutor
Gorilla Shaman
Triskelion
Mind Twist
Demonic Tutor
Wheel of Fortune
Mana Vault
Force of Will
Snake Basket
Impulse
Hurricane
Fellwar Stone
Dig Through Time
Treasure Cruise
Snapcaster Mage
Enlightened Tutor
Diabolic Tutor
Idyllic Tutor
Personal Tutor
Sylvan Tutor
Worldly Tutor
Vampiric Tutor
Grim Tutor
Merchant Scroll

