cards	33980
split.Adventure	151
split.Flip	20
split.Meld	14
split.Modal	100
split.None	33064
split.Omen	16
split.Prepare	69
split.Specialize	19
split.Split	128
split.Transform	399
faces.1	33071
faces.2	890
faces.6	19
cards.withVariants	206
cards.withPlaceholders	23
cards.withTokens	3412
cards.withPartner	71
lines.A	18634
lines.K	18391
lines.T	17198
lines.S	7160
lines.R	1717
lines.SVar	60093
