cards	33686
split.Adventure	151
split.Flip	20
split.Meld	14
split.Modal	100
split.None	32785
split.Omen	16
split.Prepare	54
split.Specialize	19
split.Split	128
split.Transform	399
faces.1	32792
faces.2	875
faces.6	19
cards.withVariants	205
cards.withPlaceholders	23
cards.withTokens	3365
cards.withPartner	71
lines.A	18477
lines.K	18245
lines.T	16976
lines.S	7094
lines.R	1693
lines.SVar	59425
